
> matchill_fe@0.0.1 preview
> vite preview

  ➜  Local:   http://localhost:9010/
  ➜  Network: use --host to expose

> matchill_fe@0.0.1 preview
> vite preview

  ➜  Local:   http://localhost:9010/
  ➜  Network: use --host to expose

> matchill_fe@0.0.1 preview
> vite preview

  ➜  Local:   http://localhost:9010/
  ➜  Network: use --host to expose

> matchill_fe@0.0.1 preview
> vite preview

Port 9010 is in use, trying another one...
Port 9011 is in use, trying another one...
  ➜  Local:   http://localhost:9012/
  ➜  Network: use --host to expose

> matchill_fe@0.0.1 preview
> vite preview

  ➜  Local:   http://localhost:9010/
  ➜  Network: use --host to expose
